// Jest Snapshot v1, https://goo.gl/fbAQLP

exports[`App Test renders correctly 1`] = `
<View
  style={
    Object {
      "alignItems": "center",
      "flex": 1,
    }
  }
>
  <View
    style={
      Object {
        "backgroundColor": "yellow",
        "flexDirection": "row",
        "height": 80,
        "marginTop": 100,
        "width": 300,
      }
    }
  >
    <View
      style={
        Object {
          "justifyContent": "center",
          "width": 230,
        }
      }
    >
      <TextInput
        allowFontScaling={true}
        onChangeText={[Function]}
        rejectResponderTermination={true}
        style={
          Object {
            "borderWidth": 2,
            "height": 50,
          }
        }
        underlineColorAndroid="transparent"
        value=""
      />
    </View>
    <View
      style={
        Object {
          "backgroundColor": "red",
          "width": 70,
        }
      }
    />
  </View>
</View>
`;
